 ┌───────────────────┬──────────────────────────────┬──────────────┐
 │ Fellowship member │ Title                        │ Weapon       │
 ├───────────────────┼──────────────────────────────┼──────────────┤
 │ Gandalf           │ The Grey                     │ Wizard staff │
 │ Aragorn           │ King of Gondor               │ Sword        │
 ├───────────────────┼──────────────────────────────┼──────────────┤
 │ Legolas           │ Prince of the Woodland Realm │ Bow          │
 │ Gimli             │ Lord of the Glittering Caves │ Axe          │
 │ Boromir           │ Captain of the White Tower   │ Sword        │
 └───────────────────┴──────────────────────────────┴──────────────┘
