 ┌───────────────────┬──────────────────────────────┬──────────────┬────────────────────────────────────────────────────┐
 │ Fellowship member │ Title                        │ Weapon       │ Quote                                              │
 ├───────────────────┼──────────────────────────────┼──────────────┼────────────────────────────────────────────────────┤
 │ Gimli             │ Lord of the Glittering Caves │ Axe          │ Far, far below the deepest delvings of the         │
 │                   │                              │              │ dwarves, the world is gnawed by nameless things.   │
 │ Legolas           │ Prince of the Woodland Realm │ Bow          │ Yes, they are elves, and they say that you         │
 │                   │                              │              │ breathe so loud they could shoot you in the dark.  │
 │ Aragorn           │ King of Gondor               │ Sword        │ But I am the real Strider, fortunately. I am       │
 │                   │                              │              │ Aragorn son of Arathorn; and if by life or death I │
 │                   │                              │              │ can save you, I will.                              │
 │ Boromir           │ Captain of the White Tower   │ Sword        │ I_tried_to_take_the_ring_from_Frodo,_I_am_sorry._I │
 │                   │                              │              │ _have_paid.                                        │
 │ Gandalf           │ The Grey                     │ Wizard staff │ You cannot pass, I am a servant of the Secret      │
 │                   │                              │              │ Fire, wielder of the flame of Anor. You cannot     │
 │                   │                              │              │ pass. The dark fire will not avail you, flame of   │
 │                   │                              │              │ Udûn. Go back to the Shadow! You cannot pass.      │
 └───────────────────┴──────────────────────────────┴──────────────┴────────────────────────────────────────────────────┘
