 ┌───────────────────┬──────────────────────┬──────────────┐
 │ Fellowship member │ Title                │ Weapon       │
 ├───────────────────┼──────────────────────┼──────────────┤
 │ Gimli             │ Lord of the          │ Axe          │
 │                   │ Glittering Caves     │              │
 │ Legolas           │ Prince of the        │ Bow          │
 │                   │ Woodland Realm       │              │
 │ Aragorn           │ King of Gondor       │ Sword        │
 │ Boromir           │ Captain of the       │ Sword        │
 │                   │ White Tower          │              │
 │ Gandalf           │ The Grey             │ Wizard staff │
 └───────────────────┴──────────────────────┴──────────────┘
